[supriyamakude.com/index.html]
[backblue.gif]
[fade.gif]
[index.html]
[supriyamakude.com/wp-content/themes/resumiwp/img/fav.png]
[supriyamakude.com/xmlrpc.1.delayed]
[supriyamakude.com/wp-content/plugins/contact-form-7/includes/css/stylesaead.css]
[supriyamakude.com/feed/index.html]
[supriyamakude.com/wp-content/themes/resumiwp/style5010.css]
[supriyamakude.com/comments/feed/index.html]
[netdna.bootstrapcdn.com/bootstrap/3.0.2/css/bootstrap.min5010.css]
[netdna.bootstrapcdn.com/font-awesome/4.0.3/css/font-awesome.min5010.css]
[supriyamakude.com/wp-content/themes/resumiwp/css/prettify.min5010.css]
[supriyamakude.com/wp-content/themes/resumiwp/css/superslides.min5010.css]
[supriyamakude.com/wp-content/themes/resumiwp/css/animate.min5010.css]
[supriyamakude.com/wp-content/themes/resumiwp/css/owl.carousel.min5010.css]
[supriyamakude.com/wp-content/themes/resumiwp/css/owl.theme.min5010.css]
[supriyamakude.com/wp-content/themes/resumiwp/css/owl.transitions.min5010.css]
[supriyamakude.com/wp-content/themes/resumiwp/css/magnific-popup.min5010.css]
[supriyamakude.com/wp-content/themes/resumiwp/css/superfish.min5010.css]
[supriyamakude.com/wp-content/themes/resumiwp/css/megafolio-style.min5010.css]
[supriyamakude.com/wp-content/themes/resumiwp/css/megafolio-settings77ae.css]
[supriyamakude.com/wp-content/themes/resumiwp/css/stylec31c.css]
[supriyamakude.com/wp-content/themes/resumiwp/css/style-responsive5597.css]
[supriyamakude.com/wp-content/themes/resumiwp/css/apps-reset.min5010.css]
[supriyamakude.com/wp-content/themes/resumiwp/css/widget.min5010.css]
[supriyamakude.com/wp-content/plugins/godaddy-email-marketing-sign-up-forms/css/gem.min7359.css]
[supriyamakude.com/wp-includes/js/jquery/jquery-migrate.min330a.js]
[supriyamakude.com/wp-includes/js/jquery/jqueryb8ff.js]
[supriyamakude.com/wp-content/themes/resumiwp/js/wow.min68b3.js]
[supriyamakude.com/xmlrpc0db0.php]
[supriyamakude.com/wp-json/index.html]
[supriyamakude.com/wp-includes/wlwmanifest.xml]
[supriyamakude.com/wp-json/oembed/1.0/embed87e3.json]
[supriyamakude.com/wp-json/oembed/1.0/embedfdd4]
[supriyamakude.com/wp-content/themes/resumiwp/img/experience-bg.jpg]
[supriyamakude.com/wp-content/themes/resumiwp/img/about-bg.jpg]
[supriyamakude.com/wp-content/themes/resumiwp/img/sticky-logo.png]
[supriyamakude.com/wp-content/uploads/2018/08/Screen-Shot-2018-08-27-at-12.32.25-PM.png]
[supriyamakude.com/wp-content/uploads/2017/04/gallery-6.jpg]
[supriyamakude.com/wp-content/plugins/contact-form-7/includes/js/scriptsaead.js]
[supriyamakude.com/wp-content/themes/resumiwp/js/jquery.wait.min68b3.js]
[supriyamakude.com/indexcff1.html]
[supriyamakude.com/wp-content/themes/resumiwp/js/jquery.scrollUp.min68b3.js]
[supriyamakude.com/wp-content/themes/resumiwp/js/jquery.easing.min68b3.js]
[netdna.bootstrapcdn.com/bootstrap/3.0.2/js/bootstrap.min68b3.js]
[supriyamakude.com/wp-content/themes/resumiwp/js/jquery.superslides.min68b3.js]
[supriyamakude.com/wp-content/themes/resumiwp/js/jquery.easypiechart.min68b3.js]
[supriyamakude.com/wp-content/themes/resumiwp/js/jquery.nav.min77ae.js]
[supriyamakude.com/wp-content/themes/resumiwp/js/jquery.scrollTo.min68b3.js]
[supriyamakude.com/wp-content/themes/resumiwp/js/owl.carousel.min68b3.js]
[supriyamakude.com/wp-content/themes/resumiwp/js/waypoints.min68b3.js]
[supriyamakude.com/wp-content/themes/resumiwp/js/waypoints-sticky.min68b3.js]
[supriyamakude.com/wp-content/themes/resumiwp/js/jquery.fittext.min68b3.js]
[supriyamakude.com/wp-content/themes/resumiwp/js/jquery.appear.min68b3.js]
[supriyamakude.com/wp-content/themes/resumiwp/js/jquery.isotope.min68b3.js]
[supriyamakude.com/wp-content/themes/resumiwp/js/jquery.smooth-scroll.min68b3.js]
[supriyamakude.com/wp-content/themes/resumiwp/js/jquery.megafolio.plugins.min68b3.js]
[supriyamakude.com/wp-content/themes/resumiwp/js/jquery.themepunch.megafoliopro.min68b3.js]
[supriyamakude.com/wp-content/themes/resumiwp/js/jquery.magnific-popup.min68b3.js]
[supriyamakude.com/wp-content/themes/resumiwp/js/prettify.min68b3.js]
[supriyamakude.com/wp-content/themes/resumiwp/js/jquery-ui-1.10.4.custom.min68b3.js]
[supriyamakude.com/wp-content/themes/resumiwp/js/hoverIntent.min68b3.js]
[supriyamakude.com/wp-content/themes/resumiwp/js/superfish.min68b3.js]
[supriyamakude.com/wp-content/themes/resumiwp/js/jflickrfeed.min68b3.js]
[supriyamakude.com/wp-content/themes/resumiwp/js/scripts5055.js]
[supriyamakude.com/wp-content/themes/resumiwp/js/jquery.nicescroll68b3.js]
[supriyamakude.com/wp-content/themes/resumiwp/js/navigation.min11a8.js]
[supriyamakude.com/wp-content/themes/resumiwp/js/skip-link-focus-fix.min08e0.js]
[supriyamakude.com/wp-content/plugins/godaddy-email-marketing-sign-up-forms/js/gem.min7359.js]
[supriyamakude.com/index.html]
[supriyamakude.com/xmlrpc.php]
[supriyamakude.com/wp-includes/js/wp-embed.min5010.js]
[supriyamakude.com/wp-content/plugins/contact-form-7/images/ajax-loader.gif]
[supriyamakude.com/wp-content/plugins/contact-form-7/includes/css/stylesaead.css]
[supriyamakude.com/wp-content/themes/resumiwp/style5010.css]
[netdna.bootstrapcdn.com/bootstrap/3.0.2/css/bootstrap.min5010.css]
[netdna.bootstrapcdn.com/font-awesome/4.0.3/css/font-awesome.min5010.css]
[supriyamakude.com/wp-content/themes/resumiwp/css/prettify.min5010.css]
[supriyamakude.com/wp-content/themes/resumiwp/css/superslides.min5010.css]
[supriyamakude.com/wp-content/themes/resumiwp/css/animate.min5010.css]
[supriyamakude.com/wp-content/themes/resumiwp/css/owl.carousel.min5010.css]
[supriyamakude.com/wp-content/themes/resumiwp/img/AjaxLoader.gif]
[supriyamakude.com/wp-content/themes/resumiwp/css/owl.theme.min5010.css]
[supriyamakude.com/wp-content/themes/resumiwp/css/owl.transitions.min5010.css]
[supriyamakude.com/wp-content/themes/resumiwp/css/magnific-popup.min5010.css]
[supriyamakude.com/wp-content/themes/resumiwp/css/superfish.min5010.css]
[supriyamakude.com/wp-content/themes/resumiwp/css/megafolio-style.min5010.css]
[supriyamakude.com/wp-content/themes/resumiwp/img/link_clean.png]
[supriyamakude.com/wp-content/themes/resumiwp/img/zoom_clean.png]
[supriyamakude.com/wp-content/themes/resumiwp/img/socialbar-bg.png]
[supriyamakude.com/wp-content/themes/resumiwp/img/icons/facebook.png]
[supriyamakude.com/wp-content/themes/resumiwp/img/icons/comments.png]
[supriyamakude.com/wp-content/themes/resumiwp/img/icons/twitter.png]
[supriyamakude.com/wp-content/themes/resumiwp/img/icons/more.png]
[supriyamakude.com/wp-content/themes/resumiwp/img/icons/like.png]
[supriyamakude.com/wp-content/themes/resumiwp/img/grain.png]
[supriyamakude.com/wp-content/themes/resumiwp/img/link.png]
[supriyamakude.com/wp-content/themes/resumiwp/img/lupe.png]
[supriyamakude.com/wp-content/themes/resumiwp/css/megafolio-settings77ae.css]
[supriyamakude.com/wp-content/themes/resumiwp/img/exp-side-bg.jpg]
[supriyamakude.com/wp-content/themes/resumiwp/img/timeline-divider.jpg]
[supriyamakude.com/wp-content/themes/resumiwp/img/connect-monitor.png]
[supriyamakude.com/wp-content/themes/resumiwp/img/tweet_arrow.png]
[supriyamakude.com/wp-content/themes/resumiwp/img/social-link.png]
[supriyamakude.com/wp-content/themes/resumiwp/img/draggable-arrow.png]
[supriyamakude.com/wp-content/themes/resumiwp/css/stylec31c.css]
[supriyamakude.com/wp-content/themes/resumiwp/css/style-responsive5597.css]
[supriyamakude.com/wp-content/themes/resumiwp/css/apps-reset.min5010.css]
[supriyamakude.com/wp-content/themes/resumiwp/css/widget.min5010.css]
[supriyamakude.com/wp-content/plugins/godaddy-email-marketing-sign-up-forms/images/spinner.gif]
[supriyamakude.com/wp-content/plugins/godaddy-email-marketing-sign-up-forms/images/spinner-2x.gif]
[supriyamakude.com/wp-content/plugins/godaddy-email-marketing-sign-up-forms/css/gem.min7359.css]
[supriyamakude.com/indexcff1.html]
[supriyamakude.com/wp-content/themes/resumiwp/css/grabbing.html]
[supriyamakude.com/hello-world/index.html]
[supriyamakude.com/wp-content/themes/resumiwp/css/blog.mind5f7.css]
[supriyamakude.com/hello-world/feed/index.html]
[supriyamakude.com/wp-json/oembed/1.0/embed84d1.json]
[supriyamakude.com/wp-json/oembed/1.0/embed1bd6]
[supriyamakude.com/wp-content/themes/resumiwp/js/blog-init.min77ae.js]
[supriyamakude.com/2018/07/index.html]
[supriyamakude.com/wp-includes/js/comment-reply.min5010.js]
[supriyamakude.com/hello-world/index6809.html]
[supriyamakude.com/hello-world/index.html]
[supriyamakude.com/wp-content/themes/resumiwp/css/blog.mind5f7.css]
[supriyamakude.com/hello-world/index6809.html]
[supriyamakude.com/2018/07/index.html]
